// Jest Snapshot v1, https://goo.gl/fbAQLP

exports[`undoList 组件 组件渲染样式正常 1`] = `
<div
  className="undo-list"
>
  <div
    className="undo-list-title"
  >
    Working on...
    <div
      className="undo-list-count"
      data-test="count"
    >
      0
    </div>
  </div>
  <ul
    className="undo-list-content"
  />
</div>
`;
